Archive member included to satisfy reference by file (symbol)

c:/st/stm32cubeide_1.4.0/stm32cubeide/plugins/com.st.stm32cube.ide.mcu.externaltools.gnu-tools-for-stm32.10.3-2021.10.win32_1.0.0.202111181127/tools/bin/../lib/gcc/arm-none-eabi/10.3.1/../../../../arm-none-eabi/lib/thumb/v7e-m+fp/hard\libc_nano.a(lib_a-assert.o)
                              ./json/nxjson.o (__assert_func)
c:/st/stm32cubeide_1.4.0/stm32cubeide/plugins/com.st.stm32cube.ide.mcu.externaltools.gnu-tools-for-stm32.10.3-2021.10.win32_1.0.0.202111181127/tools/bin/../lib/gcc/arm-none-eabi/10.3.1/../../../../arm-none-eabi/lib/thumb/v7e-m+fp/hard\libc_nano.a(lib_a-calloc.o)
                              ./json/nxjson.o (calloc)
c:/st/stm32cubeide_1.4.0/stm32cubeide/plugins/com.st.stm32cube.ide.mcu.externaltools.gnu-tools-for-stm32.10.3-2021.10.win32_1.0.0.202111181127/tools/bin/../lib/gcc/arm-none-eabi/10.3.1/../../../../arm-none-eabi/lib/thumb/v7e-m+fp/hard\libc_nano.a(lib_a-errno.o)
                              ./Core/Src/syscalls.o (__errno)
c:/st/stm32cubeide_1.4.0/stm32cubeide/plugins/com.st.stm32cube.ide.mcu.externaltools.gnu-tools-for-stm32.10.3-2021.10.win32_1.0.0.202111181127/tools/bin/../lib/gcc/arm-none-eabi/10.3.1/../../../../arm-none-eabi/lib/thumb/v7e-m+fp/hard\libc_nano.a(lib_a-exit.o)
                              c:/st/stm32cubeide_1.4.0/stm32cubeide/plugins/com.st.stm32cube.ide.mcu.externaltools.gnu-tools-for-stm32.10.3-2021.10.win32_1.0.0.202111181127/tools/bin/../lib/gcc/arm-none-eabi/10.3.1/../../../../arm-none-eabi/lib/thumb/v7e-m+fp/hard/crt0.o (exit)
c:/st/stm32cubeide_1.4.0/stm32cubeide/plugins/com.st.stm32cube.ide.mcu.externaltools.gnu-tools-for-stm32.10.3-2021.10.win32_1.0.0.202111181127/tools/bin/../lib/gcc/arm-none-eabi/10.3.1/../../../../arm-none-eabi/lib/thumb/v7e-m+fp/hard\libc_nano.a(lib_a-fprintf.o)
                              ./json/nxjson.o (fprintf)
c:/st/stm32cubeide_1.4.0/stm32cubeide/plugins/com.st.stm32cube.ide.mcu.externaltools.gnu-tools-for-stm32.10.3-2021.10.win32_1.0.0.202111181127/tools/bin/../lib/gcc/arm-none-eabi/10.3.1/../../../../arm-none-eabi/lib/thumb/v7e-m+fp/hard\libc_nano.a(lib_a-impure.o)
                              c:/st/stm32cubeide_1.4.0/stm32cubeide/plugins/com.st.stm32cube.ide.mcu.externaltools.gnu-tools-for-stm32.10.3-2021.10.win32_1.0.0.202111181127/tools/bin/../lib/gcc/arm-none-eabi/10.3.1/../../../../arm-none-eabi/lib/thumb/v7e-m+fp/hard\libc_nano.a(lib_a-exit.o) (_global_impure_ptr)
c:/st/stm32cubeide_1.4.0/stm32cubeide/plugins/com.st.stm32cube.ide.mcu.externaltools.gnu-tools-for-stm32.10.3-2021.10.win32_1.0.0.202111181127/tools/bin/../lib/gcc/arm-none-eabi/10.3.1/../../../../arm-none-eabi/lib/thumb/v7e-m+fp/hard\libc_nano.a(lib_a-init.o)
                              c:/st/stm32cubeide_1.4.0/stm32cubeide/plugins/com.st.stm32cube.ide.mcu.externaltools.gnu-tools-for-stm32.10.3-2021.10.win32_1.0.0.202111181127/tools/bin/../lib/gcc/arm-none-eabi/10.3.1/../../../../arm-none-eabi/lib/thumb/v7e-m+fp/hard/crt0.o (__libc_init_array)
c:/st/stm32cubeide_1.4.0/stm32cubeide/plugins/com.st.stm32cube.ide.mcu.externaltools.gnu-tools-for-stm32.10.3-2021.10.win32_1.0.0.202111181127/tools/bin/../lib/gcc/arm-none-eabi/10.3.1/../../../../arm-none-eabi/lib/thumb/v7e-m+fp/hard\libc_nano.a(lib_a-malloc.o)
                              ./json/nxjson.o (free)
c:/st/stm32cubeide_1.4.0/stm32cubeide/plugins/com.st.stm32cube.ide.mcu.externaltools.gnu-tools-for-stm32.10.3-2021.10.win32_1.0.0.202111181127/tools/bin/../lib/gcc/arm-none-eabi/10.3.1/../../../../arm-none-eabi/lib/thumb/v7e-m+fp/hard\libc_nano.a(lib_a-memcpy-stub.o)
                              ./module/rywb116.o (memcpy)
c:/st/stm32cubeide_1.4.0/stm32cubeide/plugins/com.st.stm32cube.ide.mcu.externaltools.gnu-tools-for-stm32.10.3-2021.10.win32_1.0.0.202111181127/tools/bin/../lib/gcc/arm-none-eabi/10.3.1/../../../../arm-none-eabi/lib/thumb/v7e-m+fp/hard\libc_nano.a(lib_a-memset.o)
                              c:/st/stm32cubeide_1.4.0/stm32cubeide/plugins/com.st.stm32cube.ide.mcu.externaltools.gnu-tools-for-stm32.10.3-2021.10.win32_1.0.0.202111181127/tools/bin/../lib/gcc/arm-none-eabi/10.3.1/../../../../arm-none-eabi/lib/thumb/v7e-m+fp/hard/crt0.o (memset)
c:/st/stm32cubeide_1.4.0/stm32cubeide/plugins/com.st.stm32cube.ide.mcu.externaltools.gnu-tools-for-stm32.10.3-2021.10.win32_1.0.0.202111181127/tools/bin/../lib/gcc/arm-none-eabi/10.3.1/../../../../arm-none-eabi/lib/thumb/v7e-m+fp/hard\libc_nano.a(lib_a-nano-callocr.o)
                              c:/st/stm32cubeide_1.4.0/stm32cubeide/plugins/com.st.stm32cube.ide.mcu.externaltools.gnu-tools-for-stm32.10.3-2021.10.win32_1.0.0.202111181127/tools/bin/../lib/gcc/arm-none-eabi/10.3.1/../../../../arm-none-eabi/lib/thumb/v7e-m+fp/hard\libc_nano.a(lib_a-calloc.o) (_calloc_r)
[...]
Memory Configuration

Name             Origin             Length             Attributes
RAM              0x0000000020000000 0x0000000000020000 xrw
FLASH            0x0000000008000000 0x0000000000080000 xr
*default*        0x0000000000000000 0xffffffffffffffff

Linker script and memory map

LOAD c:/st/stm32cubeide_1.4.0/stm32cubeide/plugins/com.st.stm32cube.ide.mcu.externaltools.gnu-tools-for-stm32.10.3-2021.10.win32_1.0.0.202111181127/tools/bin/../lib/gcc/arm-none-eabi/10.3.1/thumb/v7e-m+fp/hard/crti.o
LOAD c:/st/stm32cubeide_1.4.0/stm32cubeide/plugins/com.st.stm32cube.ide.mcu.externaltools.gnu-tools-for-stm32.10.3-2021.10.win32_1.0.0.202111181127/tools/bin/../lib/gcc/arm-none-eabi/10.3.1/thumb/v7e-m+fp/hard/crtbegin.o
LOAD c:/st/stm32cubeide_1.4.0/stm32cubeide/plugins/com.st.stm32cube.ide.mcu.externaltools.gnu-tools-for-stm32.10.3-2021.10.win32_1.0.0.202111181127/tools/bin/../lib/gcc/arm-none-eabi/10.3.1/../../../../arm-none-eabi/lib/thumb/v7e-m+fp/hard/crt0.o
LOAD ./Core/Src/main.o
LOAD ./Core/Src/stm32f4xx_hal_msp.o
LOAD ./Core/Src/stm32f4xx_it.o
LOAD ./Core/Src/syscalls.o
LOAD ./Core/Src/sysmem.o
LOAD ./Core/Src/system_stm32f4xx.o
LOAD ./Core/Startup/startup_stm32f411ceux.o
LOAD ./Drivers/STM32F4xx_HAL_Driver/Src/stm32f4xx_hal.o
LOAD ./Drivers/STM32F4xx_HAL_Driver/Src/stm32f4xx_hal_cortex.o
LOAD ./Drivers/STM32F4xx_HAL_Driver/Src/stm32f4xx_hal_dma.o
LOAD ./Drivers/STM32F4xx_HAL_Driver/Src/stm32f4xx_hal_dma_ex.o
LOAD ./Drivers/STM32F4xx_HAL_Driver/Src/stm32f4xx_hal_exti.o
LOAD ./Drivers/STM32F4xx_HAL_Driver/Src/stm32f4xx_hal_flash.o
LOAD ./Drivers/STM32F4xx_HAL_Driver/Src/stm32f4xx_hal_flash_ex.o
LOAD ./Drivers/STM32F4xx_HAL_Driver/Src/stm32f4xx_hal_flash_ramfunc.o
LOAD ./Drivers/STM32F4xx_HAL_Driver/Src/stm32f4xx_hal_gpio.o
LOAD ./Drivers/STM32F4xx_HAL_Driver/Src/stm32f4xx_hal_pwr.o
LOAD ./Drivers/STM32F4xx_HAL_Driver/Src/stm32f4xx_hal_pwr_ex.o
LOAD ./Drivers/STM32F4xx_HAL_Driver/Src/stm32f4xx_hal_rcc.o
LOAD ./Drivers/STM32F4xx_HAL_Driver/Src/stm32f4xx_hal_rcc_ex.o
LOAD ./Drivers/STM32F4xx_HAL_Driver/Src/stm32f4xx_hal_tim.o
LOAD ./Drivers/STM32F4xx_HAL_Driver/Src/stm32f4xx_hal_tim_ex.o
LOAD ./Drivers/STM32F4xx_HAL_Driver/Src/stm32f4xx_hal_uart.o
LOAD ./json/nxjson.o
LOAD ./module/rywb116.o
START GROUP
LOAD c:/st/stm32cubeide_1.4.0/stm32cubeide/plugins/com.st.stm32cube.ide.mcu.externaltools.gnu-tools-for-stm32.10.3-2021.10.win32_1.0.0.202111181127/tools/bin/../lib/gcc/arm-none-eabi/10.3.1/../../../../arm-none-eabi/lib/thumb/v7e-m+fp/hard\libc_nano.a
LOAD c:/st/stm32cubeide_1.4.0/stm32cubeide/plugins/com.st.stm32cube.ide.mcu.externaltools.gnu-tools-for-stm32.10.3-2021.10.win32_1.0.0.202111181127/tools/bin/../lib/gcc/arm-none-eabi/10.3.1/../../../../arm-none-eabi/lib/thumb/v7e-m+fp/hard\libm.a
END GROUP
START GROUP
LOAD c:/st/stm32cubeide_1.4.0/stm32cubeide/plugins/com.st.stm32cube.ide.mcu.externaltools.gnu-tools-for-stm32.10.3-2021.10.win32_1.0.0.202111181127/tools/bin/../lib/gcc/arm-none-eabi/10.3.1/thumb/v7e-m+fp/hard\libgcc.a
LOAD c:/st/stm32cubeide_1.4.0/stm32cubeide/plugins/com.st.stm32cube.ide.mcu.externaltools.gnu-tools-for-stm32.10.3-2021.10.win32_1.0.0.202111181127/tools/bin/../lib/gcc/arm-none-eabi/10.3.1/../../../../arm-none-eabi/lib/thumb/v7e-m+fp/hard\libc_nano.a
END GROUP
START GROUP
LOAD c:/st/stm32cubeide_1.4.0/stm32cubeide/plugins/com.st.stm32cube.ide.mcu.externaltools.gnu-tools-for-stm32.10.3-2021.10.win32_1.0.0.202111181127/tools/bin/../lib/gcc/arm-none-eabi/10.3.1/thumb/v7e-m+fp/hard\libgcc.a
LOAD c:/st/stm32cubeide_1.4.0/stm32cubeide/plugins/com.st.stm32cube.ide.mcu.externaltools.gnu-tools-for-stm32.10.3-2021.10.win32_1.0.0.202111181127/tools/bin/../lib/gcc/arm-none-eabi/10.3.1/../../../../arm-none-eabi/lib/thumb/v7e-m+fp/hard\libc_nano.a
LOAD c:/st/stm32cubeide_1.4.0/stm32cubeide/plugins/com.st.stm32cube.ide.mcu.externaltools.gnu-tools-for-stm32.10.3-2021.10.win32_1.0.0.202111181127/tools/bin/../lib/gcc/arm-none-eabi/10.3.1/../../../../arm-none-eabi/lib/thumb/v7e-m+fp/hard\libnosys.a
END GROUP
START GROUP
LOAD c:/st/stm32cubeide_1.4.0/stm32cubeide/plugins/com.st.stm32cube.ide.mcu.externaltools.gnu-tools-for-stm32.10.3-2021.10.win32_1.0.0.202111181127/tools/bin/../lib/gcc/arm-none-eabi/10.3.1/thumb/v7e-m+fp/hard\libgcc.a
LOAD c:/st/stm32cubeide_1.4.0/stm32cubeide/plugins/com.st.stm32cube.ide.mcu.externaltools.gnu-tools-for-stm32.10.3-2021.10.win32_1.0.0.202111181127/tools/bin/../lib/gcc/arm-none-eabi/10.3.1/../../../../arm-none-eabi/lib/thumb/v7e-m+fp/hard\libc_nano.a
LOAD c:/st/stm32cubeide_1.4.0/stm32cubeide/plugins/com.st.stm32cube.ide.mcu.externaltools.gnu-tools-for-stm32.10.3-2021.10.win32_1.0.0.202111181127/tools/bin/../lib/gcc/arm-none-eabi/10.3.1/../../../../arm-none-eabi/lib/thumb/v7e-m+fp/hard\libnosys.a
END GROUP
LOAD c:/st/stm32cubeide_1.4.0/stm32cubeide/plugins/com.st.stm32cube.ide.mcu.externaltools.gnu-tools-for-stm32.10.3-2021.10.win32_1.0.0.202111181127/tools/bin/../lib/gcc/arm-none-eabi/10.3.1/thumb/v7e-m+fp/hard/crtend.o
LOAD c:/st/stm32cubeide_1.4.0/stm32cubeide/plugins/com.st.stm32cube.ide.mcu.externaltools.gnu-tools-for-stm32.10.3-2021.10.win32_1.0.0.202111181127/tools/bin/../lib/gcc/arm-none-eabi/10.3.1/thumb/v7e-m+fp/hard/crtn.o
                0x0000000020020000                _estack = (ORIGIN (RAM) + LENGTH (RAM))
                0x0000000000000200                _Min_Heap_Size = 0x200
                0x0000000000000400                _Min_Stack_Size = 0x400

.isr_vector     0x0000000008000000      0x198
                0x0000000008000000                . = ALIGN (0x4)
 *(.isr_vector)
 .isr_vector    0x0000000008000000      0x198 ./Core/Startup/startup_stm32f411ceux.o
                0x0000000008000000                g_pfnVectors
                0x0000000008000198                . = ALIGN (0x4)

.text           0x0000000008000198     0x37ac
                0x0000000008000198                . = ALIGN (0x4)
 *(.text)
 .text          0x0000000008000198       0x40 c:/st/stm32cubeide_1.4.0/stm32cubeide/plugins/com.st.stm32cube.ide.mcu.externaltools.gnu-tools-for-stm32.10.3-2021.10.win32_1.0.0.202111181127/tools/bin/../lib/gcc/arm-none-eabi/10.3.1/thumb/v7e-m+fp/hard/crtbegin.o
 .text          0x00000000080001d8       0x10 c:/st/stm32cubeide_1.4.0/stm32cubeide/plugins/com.st.stm32cube.ide.mcu.externaltools.gnu-tools-for-stm32.10.3-2021.10.win32_1.0.0.202111181127/tools/bin/../lib/gcc/arm-none-eabi/10.3.1/../../../../arm-none-eabi/lib/thumb/v7e-m+fp/hard\libc_nano.a(lib_a-strlen.o)
                0x00000000080001d8                strlen
 .text          0x00000000080001e8       0x30 c:/st/stm32cubeide_1.4.0/stm32cubeide/plugins/com.st.stm32cube.ide.mcu.externaltools.gnu-tools-for-stm32.10.3-2021.10.win32_1.0.0.202111181127/tools/bin/../lib/gcc/arm-none-eabi/10.3.1/thumb/v7e-m+fp/hard\libgcc.a(_aeabi_uldivmod.o)
                0x00000000080001e8                __aeabi_uldivmod
 .text          0x0000000008000218      0x2d0 c:/st/stm32cubeide_1.4.0/stm32cubeide/plugins/com.st.stm32cube.ide.mcu.externaltools.gnu-tools-for-stm32.10.3-2021.10.win32_1.0.0.202111181127/tools/bin/../lib/gcc/arm-none-eabi/10.3.1/thumb/v7e-m+fp/hard\libgcc.a(_udivmoddi4.o)
                0x0000000008000218                __udivmoddi4
 .text          0x00000000080004e8        0x4 c:/st/stm32cubeide_1.4.0/stm32cubeide/plugins/com.st.stm32cube.ide.mcu.externaltools.gnu-tools-for-stm32.10.3-2021.10.win32_1.0.0.202111181127/tools/bin/../lib/gcc/arm-none-eabi/10.3.1/thumb/v7e-m+fp/hard\libgcc.a(_dvmd_tls.o)
                0x00000000080004e8                __aeabi_idiv0
                0x00000000080004e8                __aeabi_ldiv0
 *(.text*)
 .text.main     0x00000000080004ec       0xc8 ./Core/Src/main.o
                0x00000000080004ec                main
 .text.SystemClock_Config
                0x00000000080005b4       0xbc ./Core/Src/main.o
                0x00000000080005b4                SystemClock_Config
 .text.MX_USART1_UART_Init
                0x0000000008000670       0x54 ./Core/Src/main.o
 .text.MX_DMA_Init
                0x00000000080006c4       0x50 ./Core/Src/main.o
 .text.MX_GPIO_Init
                0x0000000008000714       0x88 ./Core/Src/main.o
 .text.HAL_UARTEx_RxEventCallback
                0x000000000800079c       0x4c ./Core/Src/main.o
                0x000000000800079c                HAL_UARTEx_RxEventCallback
 .text.Error_Handler
                0x00000000080007e8        0xa ./Core/Src/main.o
                0x00000000080007e8                Error_Handler
 *fill*         0x00000000080007f2        0x2 
 .text.HAL_MspInit
                0x00000000080007f4       0x50 ./Core/Src/stm32f4xx_hal_msp.o
                0x00000000080007f4                HAL_MspInit
 .text.HAL_UART_MspInit
                0x0000000008000844      0x16c ./Core/Src/stm32f4xx_hal_msp.o
                0x0000000008000844                HAL_UART_MspInit
 .text.NMI_Handler
                0x00000000080009b0        0x6 ./Core/Src/stm32f4xx_it.o
                0x00000000080009b0                NMI_Handler
 .text.HardFault_Handler
                0x00000000080009b6        0x6 ./Core/Src/stm32f4xx_it.o
                0x00000000080009b6                HardFault_Handler
 .text.MemManage_Handler
                0x00000000080009bc        0x6 ./Core/Src/stm32f4xx_it.o
                0x00000000080009bc                MemManage_Handler
 .text.BusFault_Handler
                0x00000000080009c2        0x6 ./Core/Src/stm32f4xx_it.o
                0x00000000080009c2                BusFault_Handler
 .text.UsageFault_Handler
                0x00000000080009c8        0x6 ./Core/Src/stm32f4xx_it.o
                0x00000000080009c8                UsageFault_Handler
 .text.SVC_Handler
                0x00000000080009ce        0xe ./Core/Src/stm32f4xx_it.o
                0x00000000080009ce                SVC_Handler
 .text.DebugMon_Handler
                0x00000000080009dc        0xe ./Core/Src/stm32f4xx_it.o
                0x00000000080009dc                DebugMon_Handler
 .text.PendSV_Handler
                0x00000000080009ea        0xe ./Core/Src/stm32f4xx_it.o
                0x00000000080009ea                PendSV_Handler
 .text.SysTick_Handler
                0x00000000080009f8        0xc ./Core/Src/stm32f4xx_it.o
                0x00000000080009f8                SysTick_Handler
 .text.USART1_IRQHandler
                0x0000000008000a04       0x14 ./Core/Src/stm32f4xx_it.o
                0x0000000008000a04                USART1_IRQHandler
 .text.DMA2_Stream2_IRQHandler
                0x0000000008000a18       0x14 ./Core/Src/stm32f4xx_it.o
                0x0000000008000a18                DMA2_Stream2_IRQHandler
 .text.DMA2_Stream7_IRQHandler
                0x0000000008000a2c       0x14 ./Core/Src/stm32f4xx_it.o
                0x0000000008000a2c                DMA2_Stream7_IRQHandler
 .text.SystemInit
                0x0000000008000a40       0x24 ./Core/Src/system_stm32f4xx.o
                0x0000000008000a40                SystemInit
 .text.Reset_Handler
                0x0000000008000a64       0x50 ./Core/Startup/startup_stm32f411ceux.o
                0x0000000008000a64                Reset_Handler
 .text.Default_Handler
                0x0000000008000ab4        0x2 ./Core/Startup/startup_stm32f411ceux.o
                0x0000000008000ab4                RTC_Alarm_IRQHandler
                0x0000000008000ab4                EXTI2_IRQHandler
                0x0000000008000ab4                SPI4_IRQHandler
                0x0000000008000ab4                TIM1_CC_IRQHandler
                0x0000000008000ab4                DMA2_Stream5_IRQHandler
                0x0000000008000ab4                DMA1_Stream5_IRQHandler
                0x0000000008000ab4                PVD_IRQHandler
                0x0000000008000ab4                SDIO_IRQHandler
                0x0000000008000ab4                TAMP_STAMP_IRQHandler
                0x0000000008000ab4                EXTI3_IRQHandler
                0x0000000008000ab4                TIM1_UP_TIM10_IRQHandler
                0x0000000008000ab4                I2C3_ER_IRQHandler
                0x0000000008000ab4                EXTI0_IRQHandler
                0x0000000008000ab4                I2C2_EV_IRQHandler
                0x0000000008000ab4                DMA1_Stream2_IRQHandler
                0x0000000008000ab4                FPU_IRQHandler
                0x0000000008000ab4                SPI1_IRQHandler
                0x0000000008000ab4                TIM1_BRK_TIM9_IRQHandler
                0x0000000008000ab4                DMA2_Stream3_IRQHandler
                0x0000000008000ab4                USART6_IRQHandler
                0x0000000008000ab4                DMA2_Stream0_IRQHandler
                0x0000000008000ab4                TIM4_IRQHandler
                0x0000000008000ab4                I2C1_EV_IRQHandler
                0x0000000008000ab4                DMA1_Stream6_IRQHandler
                0x0000000008000ab4                DMA1_Stream1_IRQHandler
                0x0000000008000ab4                TIM3_IRQHandler
                0x0000000008000ab4                RCC_IRQHandler
                0x0000000008000ab4                Default_Handler
                0x0000000008000ab4                EXTI15_10_IRQHandler
                0x0000000008000ab4                ADC_IRQHandler
                0x0000000008000ab4                DMA1_Stream7_IRQHandler
                0x0000000008000ab4                SPI5_IRQHandler
                0x0000000008000ab4                TIM5_IRQHandler
                0x0000000008000ab4                I2C3_EV_IRQHandler
                0x0000000008000ab4                EXTI9_5_IRQHandler
                0x0000000008000ab4                RTC_WKUP_IRQHandler
                0x0000000008000ab4                SPI2_IRQHandler
                0x0000000008000ab4                DMA1_Stream0_IRQHandler
                0x0000000008000ab4                EXTI4_IRQHandler
                0x0000000008000ab4                WWDG_IRQHandler
                0x0000000008000ab4                TIM2_IRQHandler
                0x0000000008000ab4                OTG_FS_WKUP_IRQHandler
                0x0000000008000ab4                TIM1_TRG_COM_TIM11_IRQHandler
                0x0000000008000ab4                EXTI1_IRQHandler
                0x0000000008000ab4                USART2_IRQHandler
                0x0000000008000ab4                I2C2_ER_IRQHandler
                0x0000000008000ab4                DMA2_Stream1_IRQHandler
                0x0000000008000ab4                FLASH_IRQHandler
                0x0000000008000ab4                DMA2_Stream4_IRQHandler
                0x0000000008000ab4                OTG_FS_IRQHandler
                0x0000000008000ab4                SPI3_IRQHandler
                0x0000000008000ab4                DMA1_Stream4_IRQHandler
                0x0000000008000ab4                I2C1_ER_IRQHandler
                0x0000000008000ab4                DMA2_Stream6_IRQHandler
                0x0000000008000ab4                DMA1_Stream3_IRQHandler
 *fill*         0x0000000008000ab6        0x2 
 .text.HAL_Init
                0x0000000008000ab8       0x44 ./Drivers/STM32F4xx_HAL_Driver/Src/stm32f4xx_hal.o
                0x0000000008000ab8                HAL_Init
 .text.HAL_InitTick
                0x0000000008000afc       0x60 ./Drivers/STM32F4xx_HAL_Driver/Src/stm32f4xx_hal.o
                0x0000000008000afc                HAL_InitTick
 .text.HAL_IncTick
                0x0000000008000b5c       0x28 ./Drivers/STM32F4xx_HAL_Driver/Src/stm32f4xx_hal.o
                0x0000000008000b5c                HAL_IncTick
 .text.HAL_GetTick
                0x0000000008000b84       0x18 ./Drivers/STM32F4xx_HAL_Driver/Src/stm32f4xx_hal.o
                0x0000000008000b84                HAL_GetTick
 .text.__NVIC_SetPriorityGrouping
                0x0000000008000b9c       0x48 ./Drivers/STM32F4xx_HAL_Driver/Src/stm32f4xx_hal_cortex.o
 .text.__NVIC_GetPriorityGrouping
                0x0000000008000be4       0x1c ./Drivers/STM32F4xx_HAL_Driver/Src/stm32f4xx_hal_cortex.o
 .text.__NVIC_EnableIRQ
                0x0000000008000c00       0x3c ./Drivers/STM32F4xx_HAL_Driver/Src/stm32f4xx_hal_cortex.o
 .text.__NVIC_SetPriority
                0x0000000008000c3c       0x54 ./Drivers/STM32F4xx_HAL_Driver/Src/stm32f4xx_hal_cortex.o
 .text.NVIC_EncodePriority
                0x0000000008000c90       0x66 ./Drivers/STM32F4xx_HAL_Driver/Src/stm32f4xx_hal_cortex.o
 *fill*         0x0000000008000cf6        0x2 
 .text.SysTick_Config
                0x0000000008000cf8       0x44 ./Drivers/STM32F4xx_HAL_Driver/Src/stm32f4xx_hal_cortex.o
 .text.HAL_NVIC_SetPriorityGrouping
                0x0000000008000d3c       0x16 ./Drivers/STM32F4xx_HAL_Driver/Src/stm32f4xx_hal_cortex.o
                0x0000000008000d3c                HAL_NVIC_SetPriorityGrouping
 .text.HAL_NVIC_SetPriority
                0x0000000008000d52       0x38 ./Drivers/STM32F4xx_HAL_Driver/Src/stm32f4xx_hal_cortex.o
                0x0000000008000d52                HAL_NVIC_SetPriority
 .text.HAL_NVIC_EnableIRQ
                0x0000000008000d8a       0x1c ./Drivers/STM32F4xx_HAL_Driver/Src/stm32f4xx_hal_cortex.o
                0x0000000008000d8a                HAL_NVIC_EnableIRQ
 .text.HAL_SYSTICK_Config
                0x0000000008000da6       0x18 ./Drivers/STM32F4xx_HAL_Driver/Src/stm32f4xx_hal_cortex.o
                0x0000000008000da6                HAL_SYSTICK_Config
 *fill*         0x0000000008000dbe        0x2 
 .text.HAL_DMA_Init
                0x0000000008000dc0      0x15c ./Drivers/STM32F4xx_HAL_Driver/Src/stm32f4xx_hal_dma.o
                0x0000000008000dc0                HAL_DMA_Init
 .text.HAL_DMA_Start_IT
                0x0000000008000f1c       0xb0 ./Drivers/STM32F4xx_HAL_Driver/Src/stm32f4xx_hal_dma.o
                0x0000000008000f1c                HAL_DMA_Start_IT
 .text.HAL_DMA_Abort
                0x0000000008000fcc       0xe0 ./Drivers/STM32F4xx_HAL_Driver/Src/stm32f4xx_hal_dma.o
                0x0000000008000fcc                HAL_DMA_Abort
 .text.HAL_DMA_Abort_IT
                0x00000000080010ac       0x44 ./Drivers/STM32F4xx_HAL_Driver/Src/stm32f4xx_hal_dma.o
                0x00000000080010ac                HAL_DMA_Abort_IT
 .text.HAL_DMA_IRQHandler
                0x00000000080010f0      0x314 ./Drivers/STM32F4xx_HAL_Driver/Src/stm32f4xx_hal_dma.o
                0x00000000080010f0                HAL_DMA_IRQHandler
 .text.DMA_SetConfig
                0x0000000008001404       0x5c ./Drivers/STM32F4xx_HAL_Driver/Src/stm32f4xx_hal_dma.o
 .text.DMA_CalcBaseAndBitshift
                0x0000000008001460       0x6c ./Drivers/STM32F4xx_HAL_Driver/Src/stm32f4xx_hal_dma.o
 .text.DMA_CheckFifoParam
                0x00000000080014cc       0xf8 ./Drivers/STM32F4xx_HAL_Driver/Src/stm32f4xx_hal_dma.o
 .text.HAL_GPIO_Init
                0x00000000080015c4      0x308 ./Drivers/STM32F4xx_HAL_Driver/Src/stm32f4xx_hal_gpio.o
                0x00000000080015c4                HAL_GPIO_Init
 .text.HAL_GPIO_WritePin
                0x00000000080018cc       0x32 ./Drivers/STM32F4xx_HAL_Driver/Src/stm32f4xx_hal_gpio.o
                0x00000000080018cc                HAL_GPIO_WritePin
 *fill*         0x00000000080018fe        0x2 
 .text.HAL_RCC_OscConfig
                0x0000000008001900      0x4f0 ./Drivers/STM32F4xx_HAL_Driver/Src/stm32f4xx_hal_rcc.o
                0x0000000008001900                HAL_RCC_OscConfig
 .text.HAL_RCC_ClockConfig
                0x0000000008001df0      0x1cc ./Drivers/STM32F4xx_HAL_Driver/Src/stm32f4xx_hal_rcc.o
                0x0000000008001df0                HAL_RCC_ClockConfig
 .text.HAL_RCC_GetSysClockFreq
                0x0000000008001fbc      0x18c ./Drivers/STM32F4xx_HAL_Driver/Src/stm32f4xx_hal_rcc.o
                0x0000000008001fbc                HAL_RCC_GetSysClockFreq
 .text.HAL_RCC_GetHCLKFreq
                0x0000000008002148       0x18 ./Drivers/STM32F4xx_HAL_Driver/Src/stm32f4xx_hal_rcc.o
                0x0000000008002148                HAL_RCC_GetHCLKFreq
 .text.HAL_RCC_GetPCLK1Freq
                0x0000000008002160       0x28 ./Drivers/STM32F4xx_HAL_Driver/Src/stm32f4xx_hal_rcc.o
                0x0000000008002160                HAL_RCC_GetPCLK1Freq
 .text.HAL_RCC_GetPCLK2Freq
                0x0000000008002188       0x28 ./Drivers/STM32F4xx_HAL_Driver/Src/stm32f4xx_hal_rcc.o
                0x0000000008002188                HAL_RCC_GetPCLK2Freq
 .text.HAL_UART_Init
                0x00000000080021b0       0x9a ./Drivers/STM32F4xx_HAL_Driver/Src/stm32f4xx_hal_uart.o
                0x00000000080021b0                HAL_UART_Init
 *fill*         0x000000000800224a        0x2 
 .text.HAL_UART_Transmit_DMA
                0x000000000800224c       0xfc ./Drivers/STM32F4xx_HAL_Driver/Src/stm32f4xx_hal_uart.o
                0x000000000800224c                HAL_UART_Transmit_DMA
 .text.HAL_UARTEx_ReceiveToIdle_DMA
                0x0000000008002348       0xca ./Drivers/STM32F4xx_HAL_Driver/Src/stm32f4xx_hal_uart.o
                0x0000000008002348                HAL_UARTEx_ReceiveToIdle_DMA
 *fill*         0x0000000008002412        0x2 
 .text.HAL_UART_IRQHandler
                0x0000000008002414      0x51c ./Drivers/STM32F4xx_HAL_Driver/Src/stm32f4xx_hal_uart.o
                0x0000000008002414                HAL_UART_IRQHandler
 .text.HAL_UART_TxCpltCallback
                0x0000000008002930       0x14 ./Drivers/STM32F4xx_HAL_Driver/Src/stm32f4xx_hal_uart.o
                0x0000000008002930                HAL_UART_TxCpltCallback
 .text.HAL_UART_TxHalfCpltCallback
                0x0000000008002944       0x14 ./Drivers/STM32F4xx_HAL_Driver/Src/stm32f4xx_hal_uart.o
                0x0000000008002944                HAL_UART_TxHalfCpltCallback
 .text.HAL_UART_RxCpltCallback
                0x0000000008002958       0x14 ./Drivers/STM32F4xx_HAL_Driver/Src/stm32f4xx_hal_uart.o
                0x0000000008002958                HAL_UART_RxCpltCallback
 .text.HAL_UART_RxHalfCpltCallback
                0x000000000800296c       0x14 ./Drivers/STM32F4xx_HAL_Driver/Src/stm32f4xx_hal_uart.o
                0x000000000800296c                HAL_UART_RxHalfCpltCallback
 .text.HAL_UART_ErrorCallback
                0x0000000008002980       0x14 ./Drivers/STM32F4xx_HAL_Driver/Src/stm32f4xx_hal_uart.o
                0x0000000008002980                HAL_UART_ErrorCallback
 .text.UART_DMATransmitCplt
                0x0000000008002994       0x9a ./Drivers/STM32F4xx_HAL_Driver/Src/stm32f4xx_hal_uart.o
 .text.UART_DMATxHalfCplt
                0x0000000008002a2e       0x1c ./Drivers/STM32F4xx_HAL_Driver/Src/stm32f4xx_hal_uart.o
 .text.UART_DMAReceiveCplt
                0x0000000008002a4a      0x126 ./Drivers/STM32F4xx_HAL_Driver/Src/stm32f4xx_hal_uart.o
 .text.UART_DMARxHalfCplt
                0x0000000008002b70       0x36 ./Drivers/STM32F4xx_HAL_Driver/Src/stm32f4xx_hal_uart.o
 .text.UART_DMAError
                0x0000000008002ba6       0x94 ./Drivers/STM32F4xx_HAL_Driver/Src/stm32f4xx_hal_uart.o
 *fill*         0x0000000008002c3a        0x2 
 .text.UART_Start_Receive_DMA
                0x0000000008002c3c      0x13c ./Drivers/STM32F4xx_HAL_Driver/Src/stm32f4xx_hal_uart.o
                0x0000000008002c3c                UART_Start_Receive_DMA
 .text.UART_EndTxTransfer
                0x0000000008002d78       0x50 ./Drivers/STM32F4xx_HAL_Driver/Src/stm32f4xx_hal_uart.o
 .text.UART_EndRxTransfer
                0x0000000008002dc8       0xc6 ./Drivers/STM32F4xx_HAL_Driver/Src/stm32f4xx_hal_uart.o
 .text.UART_DMAAbortOnError
                0x0000000008002e8e       0x28 ./Drivers/STM32F4xx_HAL_Driver/Src/stm32f4xx_hal_uart.o
 .text.UART_Transmit_IT
                0x0000000008002eb6       0xa0 ./Drivers/STM32F4xx_HAL_Driver/Src/stm32f4xx_hal_uart.o
 .text.UART_EndTransmit_IT
                0x0000000008002f56       0x30 ./Drivers/STM32F4xx_HAL_Driver/Src/stm32f4xx_hal_uart.o
 .text.UART_Receive_IT
                0x0000000008002f86      0x176 ./Drivers/STM32F4xx_HAL_Driver/Src/stm32f4xx_hal_uart.o
 .text.UART_SetConfig
                0x00000000080030fc      0x4e8 ./Drivers/STM32F4xx_HAL_Driver/Src/stm32f4xx_hal_uart.o
 .text.wifiModuleInit
                0x00000000080035e4       0x34 ./module/rywb116.o
                0x00000000080035e4                wifiModuleInit
 .text.wifiModuleConfigSequence
                0x0000000008003618      0x2a0 ./module/rywb116.o
                0x0000000008003618                wifiModuleConfigSequence
 .text.__libc_init_array
                0x00000000080038b8       0x48 c:/st/stm32cubeide_1.4.0/stm32cubeide/plugins/com.st.stm32cube.ide.mcu.externaltools.gnu-tools-for-stm32.10.3-2021.10.win32_1.0.0.202111181127/tools/bin/../lib/gcc/arm-none-eabi/10.3.1/../../../../arm-none-eabi/lib/thumb/v7e-m+fp/hard\libc_nano.a(lib_a-init.o)
                0x00000000080038b8                __libc_init_array
 .text.memcpy   0x0000000008003900       0x1c c:/st/stm32cubeide_1.4.0/stm32cubeide/plugins/com.st.stm32cube.ide.mcu.externaltools.gnu-tools-for-stm32.10.3-2021.10.win32_1.0.0.202111181127/tools/bin/../lib/gcc/arm-none-eabi/10.3.1/../../../../arm-none-eabi/lib/thumb/v7e-m+fp/hard\libc_nano.a(lib_a-memcpy-stub.o)
                0x0000000008003900                memcpy
 .text.memset   0x000000000800391c       0x10 c:/st/stm32cubeide_1.4.0/stm32cubeide/plugins/com.st.stm32cube.ide.mcu.externaltools.gnu-tools-for-stm32.10.3-2021.10.win32_1.0.0.202111181127/tools/bin/../lib/gcc/arm-none-eabi/10.3.1/../../../../arm-none-eabi/lib/thumb/v7e-m+fp/hard\libc_nano.a(lib_a-memset.o)
                0x000000000800391c                memset
 *(.glue_7)
 .glue_7        0x000000000800392c        0x0 linker stubs
 *(.glue_7t)
 .glue_7t       0x000000000800392c        0x0 linker stubs
 *(.eh_frame)
 .eh_frame      0x000000000800392c        0x0 c:/st/stm32cubeide_1.4.0/stm32cubeide/plugins/com.st.stm32cube.ide.mcu.externaltools.gnu-tools-for-stm32.10.3-2021.10.win32_1.0.0.202111181127/tools/bin/../lib/gcc/arm-none-eabi/10.3.1/thumb/v7e-m+fp/hard/crtbegin.o
 *(.init)
 .init          0x000000000800392c        0x4 c:/st/stm32cubeide_1.4.0/stm32cubeide/plugins/com.st.stm32cube.ide.mcu.externaltools.gnu-tools-for-stm32.10.3-2021.10.win32_1.0.0.202111181127/tools/bin/../lib/gcc/arm-none-eabi/10.3.1/thumb/v7e-m+fp/hard/crti.o
                0x000000000800392c                _init
 .init          0x0000000008003930        0x8 c:/st/stm32cubeide_1.4.0/stm32cubeide/plugins/com.st.stm32cube.ide.mcu.externaltools.gnu-tools-for-stm32.10.3-2021.10.win32_1.0.0.202111181127/tools/bin/../lib/gcc/arm-none-eabi/10.3.1/thumb/v7e-m+fp/hard/crtn.o
 *(.fini)
 .fini          0x0000000008003938        0x4 c:/st/stm32cubeide_1.4.0/stm32cubeide/plugins/com.st.stm32cube.ide.mcu.externaltools.gnu-tools-for-stm32.10.3-2021.10.win32_1.0.0.202111181127/tools/bin/../lib/gcc/arm-none-eabi/10.3.1/thumb/v7e-m+fp/hard/crti.o
                0x0000000008003938                _fini
 .fini          0x000000000800393c        0x8 c:/st/stm32cubeide_1.4.0/stm32cubeide/plugins/com.st.stm32cube.ide.mcu.externaltools.gnu-tools-for-stm32.10.3-2021.10.win32_1.0.0.202111181127/tools/bin/../lib/gcc/arm-none-eabi/10.3.1/thumb/v7e-m+fp/hard/crtn.o
                0x0000000008003944                . = ALIGN (0x4)
                0x0000000008003944                _etext = .

.vfp11_veneer   0x0000000008003944        0x0
 .vfp11_veneer  0x0000000008003944        0x0 linker stubs

.v4_bx          0x0000000008003944        0x0
 .v4_bx         0x0000000008003944        0x0 linker stubs

.iplt           0x0000000008003944        0x0
 .iplt          0x0000000008003944        0x0 c:/st/stm32cubeide_1.4.0/stm32cubeide/plugins/com.st.stm32cube.ide.mcu.externaltools.gnu-tools-for-stm32.10.3-2021.10.win32_1.0.0.202111181127/tools/bin/../lib/gcc/arm-none-eabi/10.3.1/thumb/v7e-m+fp/hard/crtbegin.o

.rodata         0x0000000008003944      0x130
                0x0000000008003944                . = ALIGN (0x4)
 *(.rodata)
 .rodata        0x0000000008003944      0x110 ./module/rywb116.o
 *(.rodata*)
 .rodata.AHBPrescTable
                0x0000000008003a54       0x10 ./Core/Src/system_stm32f4xx.o
                0x0000000008003a54                AHBPrescTable
 .rodata.APBPrescTable
                0x0000000008003a64        0x8 ./Core/Src/system_stm32f4xx.o
                0x0000000008003a64                APBPrescTable
 .rodata.flagBitshiftOffset.0
                0x0000000008003a6c        0x8 ./Drivers/STM32F4xx_HAL_Driver/Src/stm32f4xx_hal_dma.o
                0x0000000008003a74                . = ALIGN (0x4)

.ARM.extab      0x0000000008003a74        0x0
                0x0000000008003a74                . = ALIGN (0x4)
 *(.ARM.extab* .gnu.linkonce.armextab.*)
                0x0000000008003a74                . = ALIGN (0x4)

.ARM            0x0000000008003a74        0x8
                0x0000000008003a74                . = ALIGN (0x4)
                0x0000000008003a74                __exidx_start = .
 *(.ARM.exidx*)
 .ARM.exidx     0x0000000008003a74        0x8 c:/st/stm32cubeide_1.4.0/stm32cubeide/plugins/com.st.stm32cube.ide.mcu.externaltools.gnu-tools-for-stm32.10.3-2021.10.win32_1.0.0.202111181127/tools/bin/../lib/gcc/arm-none-eabi/10.3.1/thumb/v7e-m+fp/hard\libgcc.a(_udivmoddi4.o)
                0x0000000008003a7c                __exidx_end = .
                0x0000000008003a7c                . = ALIGN (0x4)

.rel.dyn        0x0000000008003a7c        0x0
 .rel.iplt      0x0000000008003a7c        0x0 c:/st/stm32cubeide_1.4.0/stm32cubeide/plugins/com.st.stm32cube.ide.mcu.externaltools.gnu-tools-for-stm32.10.3-2021.10.win32_1.0.0.202111181127/tools/bin/../lib/gcc/arm-none-eabi/10.3.1/thumb/v7e-m+fp/hard/crtbegin.o

.preinit_array  0x0000000008003a7c        0x0
                0x0000000008003a7c                . = ALIGN (0x4)
                0x0000000008003a7c                PROVIDE (__preinit_array_start = .)
 *(.preinit_array*)
                0x0000000008003a7c                PROVIDE (__preinit_array_end = .)
                0x0000000008003a7c                . = ALIGN (0x4)

.init_array     0x0000000008003a7c        0x4
                0x0000000008003a7c                . = ALIGN (0x4)
                0x0000000008003a7c                PROVIDE (__init_array_start = .)
 *(SORT_BY_NAME(.init_array.*))
 *(.init_array*)
 .init_array    0x0000000008003a7c        0x4 c:/st/stm32cubeide_1.4.0/stm32cubeide/plugins/com.st.stm32cube.ide.mcu.externaltools.gnu-tools-for-stm32.10.3-2021.10.win32_1.0.0.202111181127/tools/bin/../lib/gcc/arm-none-eabi/10.3.1/thumb/v7e-m+fp/hard/crtbegin.o
                0x0000000008003a80                PROVIDE (__init_array_end = .)
                0x0000000008003a80                . = ALIGN (0x4)

.fini_array     0x0000000008003a80        0x4
                0x0000000008003a80                . = ALIGN (0x4)
                [!provide]                        PROVIDE (__fini_array_start = .)
 *(SORT_BY_NAME(.fini_array.*))
 *(.fini_array*)
 .fini_array    0x0000000008003a80        0x4 c:/st/stm32cubeide_1.4.0/stm32cubeide/plugins/com.st.stm32cube.ide.mcu.externaltools.gnu-tools-for-stm32.10.3-2021.10.win32_1.0.0.202111181127/tools/bin/../lib/gcc/arm-none-eabi/10.3.1/thumb/v7e-m+fp/hard/crtbegin.o
                [!provide]                        PROVIDE (__fini_array_end = .)
                0x0000000008003a84                . = ALIGN (0x4)
                0x0000000008003a84                _sidata = LOADADDR (.data)

.data           0x0000000020000000        0xc load address 0x0000000008003a84
                0x0000000020000000                . = ALIGN (0x4)
                0x0000000020000000                _sdata = .
 *(.data)
 *(.data*)
 .data.SystemCoreClock
                0x0000000020000000        0x4 ./Core/Src/system_stm32f4xx.o
                0x0000000020000000                SystemCoreClock
 .data.uwTickPrio
                0x0000000020000004        0x4 ./Drivers/STM32F4xx_HAL_Driver/Src/stm32f4xx_hal.o
                0x0000000020000004                uwTickPrio
 .data.uwTickFreq
                0x0000000020000008        0x1 ./Drivers/STM32F4xx_HAL_Driver/Src/stm32f4xx_hal.o
                0x0000000020000008                uwTickFreq
 *(.RamFunc)
 *(.RamFunc*)
                0x000000002000000c                . = ALIGN (0x4)
 *fill*         0x0000000020000009        0x3 
                0x000000002000000c                _edata = .

.igot.plt       0x000000002000000c        0x0 load address 0x0000000008003a90
 .igot.plt      0x000000002000000c        0x0 c:/st/stm32cubeide_1.4.0/stm32cubeide/plugins/com.st.stm32cube.ide.mcu.externaltools.gnu-tools-for-stm32.10.3-2021.10.win32_1.0.0.202111181127/tools/bin/../lib/gcc/arm-none-eabi/10.3.1/thumb/v7e-m+fp/hard/crtbegin.o
                0x000000002000000c                . = ALIGN (0x4)

.bss            0x000000002000000c      0x390 load address 0x0000000008003a90
                0x000000002000000c                _sbss = .
                0x000000002000000c                __bss_start__ = _sbss
 *(.bss)
 .bss           0x000000002000000c       0x1c c:/st/stm32cubeide_1.4.0/stm32cubeide/plugins/com.st.stm32cube.ide.mcu.externaltools.gnu-tools-for-stm32.10.3-2021.10.win32_1.0.0.202111181127/tools/bin/../lib/gcc/arm-none-eabi/10.3.1/thumb/v7e-m+fp/hard/crtbegin.o
 *(.bss*)
 .bss.huart1    0x0000000020000028       0x44 ./Core/Src/main.o
                0x0000000020000028                huart1
 .bss.hdma_usart1_rx
                0x000000002000006c       0x60 ./Core/Src/main.o
                0x000000002000006c                hdma_usart1_rx
 .bss.hdma_usart1_tx
                0x00000000200000cc       0x60 ./Core/Src/main.o
                0x00000000200000cc                hdma_usart1_tx
 .bss.uwTick    0x000000002000012c        0x4 ./Drivers/STM32F4xx_HAL_Driver/Src/stm32f4xx_hal.o
                0x000000002000012c                uwTick
 .bss.hWifiModule
                0x0000000020000130      0x268 ./module/rywb116.o
                0x0000000020000130                hWifiModule
 .bss.configStages.0
                0x0000000020000398        0x1 ./module/rywb116.o
 *(COMMON)
                0x000000002000039c                . = ALIGN (0x4)
 *fill*         0x0000000020000399        0x3 
                0x000000002000039c                _ebss = .
                0x000000002000039c                __bss_end__ = _ebss

._user_heap_stack
                0x000000002000039c      0x604 load address 0x0000000008003a90
                0x00000000200003a0                . = ALIGN (0x8)
 *fill*         0x000000002000039c        0x4 
                [!provide]                        PROVIDE (end = .)
                0x00000000200003a0                PROVIDE (_end = .)
                0x00000000200005a0                . = (. + _Min_Heap_Size)
 *fill*         0x00000000200003a0      0x200 
                0x00000000200009a0                . = (. + _Min_Stack_Size)
 *fill*         0x00000000200005a0      0x400 
                0x00000000200009a0                . = ALIGN (0x8)

/DISCARD/
 libc.a(*)
 libm.a(*)
 libgcc.a(*)

.ARM.attributes
                0x0000000000000000       0x30
 *(.ARM.attributes)
 .ARM.attributes
                0x0000000000000000       0x1e c:/st/stm32cubeide_1.4.0/stm32cubeide/plugins/com.st.stm32cube.ide.mcu.externaltools.gnu-tools-for-stm32.10.3-2021.10.win32_1.0.0.202111181127/tools/bin/../lib/gcc/arm-none-eabi/10.3.1/thumb/v7e-m+fp/hard/crti.o
 .ARM.attributes
                0x000000000000001e       0x34 c:/st/stm32cubeide_1.4.0/stm32cubeide/plugins/com.st.stm32cube.ide.mcu.externaltools.gnu-tools-for-stm32.10.3-2021.10.win32_1.0.0.202111181127/tools/bin/../lib/gcc/arm-none-eabi/10.3.1/thumb/v7e-m+fp/hard/crtbegin.o
 .ARM.attributes
                0x0000000000000052       0x34 ./Core/Src/main.o
 .ARM.attributes
                0x0000000000000086       0x34 ./Core/Src/stm32f4xx_hal_msp.o
 .ARM.attributes
                0x00000000000000ba       0x34 ./Core/Src/stm32f4xx_it.o
 .ARM.attributes
                0x00000000000000ee       0x34 ./Core/Src/system_stm32f4xx.o
 .ARM.attributes
                0x0000000000000122       0x21 ./Core/Startup/startup_stm32f411ceux.o
 .ARM.attributes
                0x0000000000000143       0x34 ./Drivers/STM32F4xx_HAL_Driver/Src/stm32f4xx_hal.o
 .ARM.attributes
                0x0000000000000177       0x34 ./Drivers/STM32F4xx_HAL_Driver/Src/stm32f4xx_hal_cortex.o
 .ARM.attributes
                0x00000000000001ab       0x34 ./Drivers/STM32F4xx_HAL_Driver/Src/stm32f4xx_hal_dma.o
 .ARM.attributes
                0x00000000000001df       0x34 ./Drivers/STM32F4xx_HAL_Driver/Src/stm32f4xx_hal_gpio.o
 .ARM.attributes
                0x0000000000000213       0x34 ./Drivers/STM32F4xx_HAL_Driver/Src/stm32f4xx_hal_rcc.o
 .ARM.attributes
                0x0000000000000247       0x34 ./Drivers/STM32F4xx_HAL_Driver/Src/stm32f4xx_hal_uart.o
 .ARM.attributes
                0x000000000000027b       0x34 ./module/rywb116.o
 .ARM.attributes
                0x00000000000002af       0x34 c:/st/stm32cubeide_1.4.0/stm32cubeide/plugins/com.st.stm32cube.ide.mcu.externaltools.gnu-tools-for-stm32.10.3-2021.10.win32_1.0.0.202111181127/tools/bin/../lib/gcc/arm-none-eabi/10.3.1/../../../../arm-none-eabi/lib/thumb/v7e-m+fp/hard\libc_nano.a(lib_a-init.o)
 .ARM.attributes
                0x00000000000002e3       0x34 c:/st/stm32cubeide_1.4.0/stm32cubeide/plugins/com.st.stm32cube.ide.mcu.externaltools.gnu-tools-for-stm32.10.3-2021.10.win32_1.0.0.202111181127/tools/bin/../lib/gcc/arm-none-eabi/10.3.1/../../../../arm-none-eabi/lib/thumb/v7e-m+fp/hard\libc_nano.a(lib_a-memcpy-stub.o)
 .ARM.attributes
                0x0000000000000317       0x34 c:/st/stm32cubeide_1.4.0/stm32cubeide/plugins/com.st.stm32cube.ide.mcu.externaltools.gnu-tools-for-stm32.10.3-2021.10.win32_1.0.0.202111181127/tools/bin/../lib/gcc/arm-none-eabi/10.3.1/../../../../arm-none-eabi/lib/thumb/v7e-m+fp/hard\libc_nano.a(lib_a-memset.o)
 .ARM.attributes
                0x000000000000034b       0x17 c:/st/stm32cubeide_1.4.0/stm32cubeide/plugins/com.st.stm32cube.ide.mcu.externaltools.gnu-tools-for-stm32.10.3-2021.10.win32_1.0.0.202111181127/tools/bin/../lib/gcc/arm-none-eabi/10.3.1/../../../../arm-none-eabi/lib/thumb/v7e-m+fp/hard\libc_nano.a(lib_a-strlen.o)
 .ARM.attributes
                0x0000000000000362       0x1e c:/st/stm32cubeide_1.4.0/stm32cubeide/plugins/com.st.stm32cube.ide.mcu.externaltools.gnu-tools-for-stm32.10.3-2021.10.win32_1.0.0.202111181127/tools/bin/../lib/gcc/arm-none-eabi/10.3.1/thumb/v7e-m+fp/hard\libgcc.a(_aeabi_uldivmod.o)
 .ARM.attributes
                0x0000000000000380       0x34 c:/st/stm32cubeide_1.4.0/stm32cubeide/plugins/com.st.stm32cube.ide.mcu.externaltools.gnu-tools-for-stm32.10.3-2021.10.win32_1.0.0.202111181127/tools/bin/../lib/gcc/arm-none-eabi/10.3.1/thumb/v7e-m+fp/hard\libgcc.a(_udivmoddi4.o)
 .ARM.attributes
                0x00000000000003b4       0x1e c:/st/stm32cubeide_1.4.0/stm32cubeide/plugins/com.st.stm32cube.ide.mcu.externaltools.gnu-tools-for-stm32.10.3-2021.10.win32_1.0.0.202111181127/tools/bin/../lib/gcc/arm-none-eabi/10.3.1/thumb/v7e-m+fp/hard\libgcc.a(_dvmd_tls.o)
 .ARM.attributes
                0x00000000000003d2       0x1e c:/st/stm32cubeide_1.4.0/stm32cubeide/plugins/com.st.stm32cube.ide.mcu.externaltools.gnu-tools-for-stm32.10.3-2021.10.win32_1.0.0.202111181127/tools/bin/../lib/gcc/arm-none-eabi/10.3.1/thumb/v7e-m+fp/hard/crtn.o
OUTPUT(iot_http_flask_application.elf elf32-littlearm)
LOAD linker stubs
LOAD c:/st/stm32cubeide_1.4.0/stm32cubeide/plugins/com.st.stm32cube.ide.mcu.externaltools.gnu-tools-for-stm32.10.3-2021.10.win32_1.0.0.202111181127/tools/bin/../lib/gcc/arm-none-eabi/10.3.1/../../../../arm-none-eabi/lib/thumb/v7e-m+fp/hard\libc.a
LOAD c:/st/stm32cubeide_1.4.0/stm32cubeide/plugins/com.st.stm32cube.ide.mcu.externaltools.gnu-tools-for-stm32.10.3-2021.10.win32_1.0.0.202111181127/tools/bin/../lib/gcc/arm-none-eabi/10.3.1/../../../../arm-none-eabi/lib/thumb/v7e-m+fp/hard\libm.a
LOAD c:/st/stm32cubeide_1.4.0/stm32cubeide/plugins/com.st.stm32cube.ide.mcu.externaltools.gnu-tools-for-stm32.10.3-2021.10.win32_1.0.0.202111181127/tools/bin/../lib/gcc/arm-none-eabi/10.3.1/thumb/v7e-m+fp/hard\libgcc.a

.debug_info     0x0000000000000000     0x8e34
 .debug_info    0x0000000000000000      0xfed ./Core/Src/main.o
 .debug_info    0x0000000000000fed      0xbfb ./Core/Src/stm32f4xx_hal_msp.o
 .debug_info    0x0000000000001be8      0x6b3 ./Core/Src/stm32f4xx_it.o
 .debug_info    0x000000000000229b      0x54f ./Core/Src/system_stm32f4xx.o
 .debug_info    0x00000000000027ea       0x22 ./Core/Startup/startup_stm32f411ceux.o
 .debug_info    0x000000000000280c      0x90d ./Drivers/STM32F4xx_HAL_Driver/Src/stm32f4xx_hal.o
 .debug_info    0x0000000000003119      0xd8b ./Drivers/STM32F4xx_HAL_Driver/Src/stm32f4xx_hal_cortex.o
 .debug_info    0x0000000000003ea4      0x947 ./Drivers/STM32F4xx_HAL_Driver/Src/stm32f4xx_hal_dma.o
 .debug_info    0x00000000000047eb      0x78e ./Drivers/STM32F4xx_HAL_Driver/Src/stm32f4xx_hal_gpio.o
 .debug_info    0x0000000000004f79      0x98d ./Drivers/STM32F4xx_HAL_Driver/Src/stm32f4xx_hal_rcc.o
 .debug_info    0x0000000000005906     0x31b4 ./Drivers/STM32F4xx_HAL_Driver/Src/stm32f4xx_hal_uart.o
 .debug_info    0x0000000000008aba      0x37a ./module/rywb116.o

.debug_abbrev   0x0000000000000000     0x1865
 .debug_abbrev  0x0000000000000000      0x2fd ./Core/Src/main.o
 .debug_abbrev  0x00000000000002fd      0x1f6 ./Core/Src/stm32f4xx_hal_msp.o
 .debug_abbrev  0x00000000000004f3      0x177 ./Core/Src/stm32f4xx_it.o
 .debug_abbrev  0x000000000000066a      0x116 ./Core/Src/system_stm32f4xx.o
 .debug_abbrev  0x0000000000000780       0x12 ./Core/Startup/startup_stm32f411ceux.o
 .debug_abbrev  0x0000000000000792      0x23e ./Drivers/STM32F4xx_HAL_Driver/Src/stm32f4xx_hal.o
 .debug_abbrev  0x00000000000009d0      0x316 ./Drivers/STM32F4xx_HAL_Driver/Src/stm32f4xx_hal_cortex.o
 .debug_abbrev  0x0000000000000ce6      0x21b ./Drivers/STM32F4xx_HAL_Driver/Src/stm32f4xx_hal_dma.o
 .debug_abbrev  0x0000000000000f01      0x1c4 ./Drivers/STM32F4xx_HAL_Driver/Src/stm32f4xx_hal_gpio.o
 .debug_abbrev  0x00000000000010c5      0x2aa ./Drivers/STM32F4xx_HAL_Driver/Src/stm32f4xx_hal_rcc.o
 .debug_abbrev  0x000000000000136f      0x305 ./Drivers/STM32F4xx_HAL_Driver/Src/stm32f4xx_hal_uart.o
 .debug_abbrev  0x0000000000001674      0x1f1 ./module/rywb116.o

.debug_aranges  0x0000000000000000      0x6e8
 .debug_aranges
                0x0000000000000000       0x50 ./Core/Src/main.o
 .debug_aranges
                0x0000000000000050       0x30 ./Core/Src/stm32f4xx_hal_msp.o
 .debug_aranges
                0x0000000000000080       0x78 ./Core/Src/stm32f4xx_it.o
 .debug_aranges
                0x00000000000000f8       0x28 ./Core/Src/system_stm32f4xx.o
 .debug_aranges
                0x0000000000000120       0x28 ./Core/Startup/startup_stm32f411ceux.o
 .debug_aranges
                0x0000000000000148       0xf0 ./Drivers/STM32F4xx_HAL_Driver/Src/stm32f4xx_hal.o
 .debug_aranges
                0x0000000000000238      0x118 ./Drivers/STM32F4xx_HAL_Driver/Src/stm32f4xx_hal_cortex.o
 .debug_aranges
                0x0000000000000350       0x90 ./Drivers/STM32F4xx_HAL_Driver/Src/stm32f4xx_hal_dma.o
 .debug_aranges
                0x00000000000003e0       0x58 ./Drivers/STM32F4xx_HAL_Driver/Src/stm32f4xx_hal_gpio.o
 .debug_aranges
                0x0000000000000438       0x88 ./Drivers/STM32F4xx_HAL_Driver/Src/stm32f4xx_hal_rcc.o
 .debug_aranges
                0x00000000000004c0      0x200 ./Drivers/STM32F4xx_HAL_Driver/Src/stm32f4xx_hal_uart.o
 .debug_aranges
                0x00000000000006c0       0x28 ./module/rywb116.o

.debug_ranges   0x0000000000000000      0x660
 .debug_ranges  0x0000000000000000       0x40 ./Core/Src/main.o
 .debug_ranges  0x0000000000000040       0x20 ./Core/Src/stm32f4xx_hal_msp.o
 .debug_ranges  0x0000000000000060       0x68 ./Core/Src/stm32f4xx_it.o
 .debug_ranges  0x00000000000000c8       0x18 ./Core/Src/system_stm32f4xx.o
 .debug_ranges  0x00000000000000e0       0x20 ./Core/Startup/startup_stm32f411ceux.o
 .debug_ranges  0x0000000000000100       0xe0 ./Drivers/STM32F4xx_HAL_Driver/Src/stm32f4xx_hal.o
 .debug_ranges  0x00000000000001e0      0x108 ./Drivers/STM32F4xx_HAL_Driver/Src/stm32f4xx_hal_cortex.o
 .debug_ranges  0x00000000000002e8       0x80 ./Drivers/STM32F4xx_HAL_Driver/Src/stm32f4xx_hal_dma.o
 .debug_ranges  0x0000000000000368       0x48 ./Drivers/STM32F4xx_HAL_Driver/Src/stm32f4xx_hal_gpio.o
 .debug_ranges  0x00000000000003b0       0x78 ./Drivers/STM32F4xx_HAL_Driver/Src/stm32f4xx_hal_rcc.o
 .debug_ranges  0x0000000000000428      0x220 ./Drivers/STM32F4xx_HAL_Driver/Src/stm32f4xx_hal_uart.o
 .debug_ranges  0x0000000000000648       0x18 ./module/rywb116.o

.debug_macro    0x0000000000000000    0x15f6b
 .debug_macro   0x0000000000000000      0x370 ./Core/Src/main.o
 .debug_macro   0x0000000000000370      0xa78 ./Core/Src/main.o
 .debug_macro   0x0000000000000de8      0x295 ./Core/Src/main.o
 .debug_macro   0x000000000000107d       0x2e ./Core/Src/main.o
 .debug_macro   0x00000000000010ab       0x28 ./Core/Src/main.o
 .debug_macro   0x00000000000010d3       0x22 ./Core/Src/main.o
 .debug_macro   0x00000000000010f5       0x8e ./Core/Src/main.o
 .debug_macro   0x0000000000001183       0x51 ./Core/Src/main.o
 .debug_macro   0x00000000000011d4      0x103 ./Core/Src/main.o
 .debug_macro   0x00000000000012d7       0x6a ./Core/Src/main.o
 .debug_macro   0x0000000000001341      0x1df ./Core/Src/main.o
 .debug_macro   0x0000000000001520       0x1c ./Core/Src/main.o
 .debug_macro   0x000000000000153c       0x22 ./Core/Src/main.o
 .debug_macro   0x000000000000155e       0xd9 ./Core/Src/main.o
 .debug_macro   0x0000000000001637     0x102d ./Core/Src/main.o
 .debug_macro   0x0000000000002664      0x11f ./Core/Src/main.o
 .debug_macro   0x0000000000002783     0xb953 ./Core/Src/main.o
 .debug_macro   0x000000000000e0d6       0x6d ./Core/Src/main.o
 .debug_macro   0x000000000000e143     0x367e ./Core/Src/main.o
 .debug_macro   0x00000000000117c1      0x174 ./Core/Src/main.o
 .debug_macro   0x0000000000011935       0x5c ./Core/Src/main.o
 .debug_macro   0x0000000000011991      0x447 ./Core/Src/main.o
 .debug_macro   0x0000000000011dd8      0x9fe ./Core/Src/main.o
 .debug_macro   0x00000000000127d6      0x115 ./Core/Src/main.o
 .debug_macro   0x00000000000128eb      0x11b ./Core/Src/main.o
 .debug_macro   0x0000000000012a06       0xa5 ./Core/Src/main.o
 .debug_macro   0x0000000000012aab      0x15f ./Core/Src/main.o
 .debug_macro   0x0000000000012c0a      0x287 ./Core/Src/main.o
 .debug_macro   0x0000000000012e91       0x5f ./Core/Src/main.o
 .debug_macro   0x0000000000012ef0      0x236 ./Core/Src/main.o
 .debug_macro   0x0000000000013126      0x132 ./Core/Src/main.o
 .debug_macro   0x0000000000013258      0x264 ./Core/Src/main.o
 .debug_macro   0x00000000000134bc       0x2e ./Core/Src/main.o
 .debug_macro   0x00000000000134ea      0x11a ./Core/Src/main.o
 .debug_macro   0x0000000000013604       0x85 ./Core/Src/main.o
 .debug_macro   0x0000000000013689       0x89 ./Core/Src/main.o
 .debug_macro   0x0000000000013712      0x295 ./Core/Src/main.o
 .debug_macro   0x00000000000139a7      0x126 ./Core/Src/main.o
 .debug_macro   0x0000000000013acd       0x52 ./Core/Src/main.o
 .debug_macro   0x0000000000013b1f       0x1e ./Core/Src/main.o
 .debug_macro   0x0000000000013b3d       0x3c ./Core/Src/main.o
 .debug_macro   0x0000000000013b79       0x34 ./Core/Src/main.o
 .debug_macro   0x0000000000013bad       0x16 ./Core/Src/main.o
 .debug_macro   0x0000000000013bc3       0x35 ./Core/Src/main.o
 .debug_macro   0x0000000000013bf8      0x341 ./Core/Src/main.o
 .debug_macro   0x0000000000013f39       0x10 ./Core/Src/main.o
 .debug_macro   0x0000000000013f49       0x16 ./Core/Src/main.o
 .debug_macro   0x0000000000013f5f       0x43 ./Core/Src/main.o
 .debug_macro   0x0000000000013fa2       0x34 ./Core/Src/main.o
 .debug_macro   0x0000000000013fd6       0x10 ./Core/Src/main.o
 .debug_macro   0x0000000000013fe6       0x58 ./Core/Src/main.o
 .debug_macro   0x000000000001403e       0x71 ./Core/Src/main.o
 .debug_macro   0x00000000000140af       0x1c ./Core/Src/main.o
 .debug_macro   0x00000000000140cb      0x12a ./Core/Src/main.o
 .debug_macro   0x00000000000141f5       0x10 ./Core/Src/main.o
 .debug_macro   0x0000000000014205       0x1c ./Core/Src/main.o
 .debug_macro   0x0000000000014221       0x52 ./Core/Src/main.o
 .debug_macro   0x0000000000014273       0x22 ./Core/Src/main.o
 .debug_macro   0x0000000000014295       0x10 ./Core/Src/main.o
 .debug_macro   0x00000000000142a5       0x52 ./Core/Src/main.o
 .debug_macro   0x00000000000142f7       0xd5 ./Core/Src/main.o
 .debug_macro   0x00000000000143cc       0x1c ./Core/Src/main.o
 .debug_macro   0x00000000000143e8       0x3d ./Core/Src/main.o
 .debug_macro   0x0000000000014425       0x16 ./Core/Src/main.o
 .debug_macro   0x000000000001443b      0x145 ./Core/Src/main.o
 .debug_macro   0x0000000000014580       0x16 ./Core/Src/main.o
 .debug_macro   0x0000000000014596       0x20 ./Core/Src/main.o
 .debug_macro   0x00000000000145b6       0x22 ./Core/Src/main.o
 .debug_macro   0x00000000000145d8       0x6a ./Core/Src/main.o
 .debug_macro   0x0000000000014642       0x34 ./Core/Src/main.o
 .debug_macro   0x0000000000014676      0x370 ./Core/Src/stm32f4xx_hal_msp.o
 .debug_macro   0x00000000000149e6      0x37a ./Core/Src/stm32f4xx_it.o
 .debug_macro   0x0000000000014d60      0x1ba ./Core/Src/system_stm32f4xx.o
 .debug_macro   0x0000000000014f1a      0x21a ./Drivers/STM32F4xx_HAL_Driver/Src/stm32f4xx_hal.o
 .debug_macro   0x0000000000015134      0x1ba ./Drivers/STM32F4xx_HAL_Driver/Src/stm32f4xx_hal_cortex.o
 .debug_macro   0x00000000000152ee      0x1c0 ./Drivers/STM32F4xx_HAL_Driver/Src/stm32f4xx_hal_dma.o
 .debug_macro   0x00000000000154ae      0x1c0 ./Drivers/STM32F4xx_HAL_Driver/Src/stm32f4xx_hal_gpio.o
 .debug_macro   0x000000000001566e      0x1de ./Drivers/STM32F4xx_HAL_Driver/Src/stm32f4xx_hal_rcc.o
 .debug_macro   0x000000000001584c      0x1bb ./Drivers/STM32F4xx_HAL_Driver/Src/stm32f4xx_hal_uart.o
 .debug_macro   0x0000000000015a07      0x364 ./module/rywb116.o
 .debug_macro   0x0000000000015d6b       0x97 ./module/rywb116.o
 .debug_macro   0x0000000000015e02       0xfd ./module/rywb116.o
 .debug_macro   0x0000000000015eff       0x56 ./module/rywb116.o
 .debug_macro   0x0000000000015f55       0x16 ./module/rywb116.o

.debug_line     0x0000000000000000     0x941c
 .debug_line    0x0000000000000000      0xa1b ./Core/Src/main.o
 .debug_line    0x0000000000000a1b      0x958 ./Core/Src/stm32f4xx_hal_msp.o
 .debug_line    0x0000000000001373      0x9c4 ./Core/Src/stm32f4xx_it.o
 .debug_line    0x0000000000001d37      0x708 ./Core/Src/system_stm32f4xx.o
 .debug_line    0x000000000000243f       0x88 ./Core/Startup/startup_stm32f411ceux.o
 .debug_line    0x00000000000024c7      0x96e ./Drivers/STM32F4xx_HAL_Driver/Src/stm32f4xx_hal.o
 .debug_line    0x0000000000002e35      0xc1d ./Drivers/STM32F4xx_HAL_Driver/Src/stm32f4xx_hal_cortex.o
 .debug_line    0x0000000000003a52      0xed2 ./Drivers/STM32F4xx_HAL_Driver/Src/stm32f4xx_hal_dma.o
 .debug_line    0x0000000000004924      0xaa6 ./Drivers/STM32F4xx_HAL_Driver/Src/stm32f4xx_hal_gpio.o
 .debug_line    0x00000000000053ca      0xce8 ./Drivers/STM32F4xx_HAL_Driver/Src/stm32f4xx_hal_rcc.o
 .debug_line    0x00000000000060b2     0x2a13 ./Drivers/STM32F4xx_HAL_Driver/Src/stm32f4xx_hal_uart.o
 .debug_line    0x0000000000008ac5      0x957 ./module/rywb116.o

.debug_str      0x0000000000000000    0x85cb3
 .debug_str     0x0000000000000000    0x8443b ./Core/Src/main.o
                                      0x8472f (size before relaxing)
 .debug_str     0x000000000008443b       0x90 ./Core/Src/stm32f4xx_hal_msp.o
                                      0x84477 (size before relaxing)
 .debug_str     0x00000000000844cb      0x132 ./Core/Src/stm32f4xx_it.o
                                      0x83f81 (size before relaxing)
 .debug_str     0x00000000000845fd       0xdb ./Core/Src/system_stm32f4xx.o
                                      0x7fa62 (size before relaxing)
 .debug_str     0x00000000000846d8       0x36 ./Core/Startup/startup_stm32f411ceux.o
                                         0x82 (size before relaxing)
 .debug_str     0x000000000008470e      0x60b ./Drivers/STM32F4xx_HAL_Driver/Src/stm32f4xx_hal.o
                                      0x8048e (size before relaxing)
 .debug_str     0x0000000000084d19      0x32d ./Drivers/STM32F4xx_HAL_Driver/Src/stm32f4xx_hal_cortex.o
                                      0x801af (size before relaxing)
 .debug_str     0x0000000000085046      0x2f9 ./Drivers/STM32F4xx_HAL_Driver/Src/stm32f4xx_hal_dma.o
                                      0x7fe6a (size before relaxing)
 .debug_str     0x000000000008533f      0x121 ./Drivers/STM32F4xx_HAL_Driver/Src/stm32f4xx_hal_gpio.o
                                      0x7fbdd (size before relaxing)
 .debug_str     0x0000000000085460      0x233 ./Drivers/STM32F4xx_HAL_Driver/Src/stm32f4xx_hal_rcc.o
                                      0x7fe96 (size before relaxing)
 .debug_str     0x0000000000085693      0x5a7 ./Drivers/STM32F4xx_HAL_Driver/Src/stm32f4xx_hal_uart.o
                                      0x80423 (size before relaxing)
 .debug_str     0x0000000000085c3a       0x79 ./module/rywb116.o
                                      0x83b21 (size before relaxing)

.comment        0x0000000000000000       0x50
 .comment       0x0000000000000000       0x50 ./Core/Src/main.o
                                         0x51 (size before relaxing)
 .comment       0x0000000000000050       0x51 ./Core/Src/stm32f4xx_hal_msp.o
 .comment       0x0000000000000050       0x51 ./Core/Src/stm32f4xx_it.o
 .comment       0x0000000000000050       0x51 ./Core/Src/system_stm32f4xx.o
 .comment       0x0000000000000050       0x51 ./Drivers/STM32F4xx_HAL_Driver/Src/stm32f4xx_hal.o
 .comment       0x0000000000000050       0x51 ./Drivers/STM32F4xx_HAL_Driver/Src/stm32f4xx_hal_cortex.o
 .comment       0x0000000000000050       0x51 ./Drivers/STM32F4xx_HAL_Driver/Src/stm32f4xx_hal_dma.o
 .comment       0x0000000000000050       0x51 ./Drivers/STM32F4xx_HAL_Driver/Src/stm32f4xx_hal_gpio.o
 .comment       0x0000000000000050       0x51 ./Drivers/STM32F4xx_HAL_Driver/Src/stm32f4xx_hal_rcc.o
 .comment       0x0000000000000050       0x51 ./Drivers/STM32F4xx_HAL_Driver/Src/stm32f4xx_hal_uart.o
 .comment       0x0000000000000050       0x51 ./module/rywb116.o

.debug_frame    0x0000000000000000     0x1b08
 .debug_frame   0x0000000000000000       0xf0 ./Core/Src/main.o
 .debug_frame   0x00000000000000f0       0x80 ./Core/Src/stm32f4xx_hal_msp.o
 .debug_frame   0x0000000000000170      0x158 ./Core/Src/stm32f4xx_it.o
 .debug_frame   0x00000000000002c8       0x58 ./Core/Src/system_stm32f4xx.o
 .debug_frame   0x0000000000000320      0x374 ./Drivers/STM32F4xx_HAL_Driver/Src/stm32f4xx_hal.o
 .debug_frame   0x0000000000000694      0x498 ./Drivers/STM32F4xx_HAL_Driver/Src/stm32f4xx_hal_cortex.o
 .debug_frame   0x0000000000000b2c      0x250 ./Drivers/STM32F4xx_HAL_Driver/Src/stm32f4xx_hal_dma.o
 .debug_frame   0x0000000000000d7c      0x14c ./Drivers/STM32F4xx_HAL_Driver/Src/stm32f4xx_hal_gpio.o
 .debug_frame   0x0000000000000ec8      0x1f4 ./Drivers/STM32F4xx_HAL_Driver/Src/stm32f4xx_hal_rcc.o
 .debug_frame   0x00000000000010bc      0x92c ./Drivers/STM32F4xx_HAL_Driver/Src/stm32f4xx_hal_uart.o
 .debug_frame   0x00000000000019e8       0x4c ./module/rywb116.o
 .debug_frame   0x0000000000001a34       0x2c c:/st/stm32cubeide_1.4.0/stm32cubeide/plugins/com.st.stm32cube.ide.mcu.externaltools.gnu-tools-for-stm32.10.3-2021.10.win32_1.0.0.202111181127/tools/bin/../lib/gcc/arm-none-eabi/10.3.1/../../../../arm-none-eabi/lib/thumb/v7e-m+fp/hard\libc_nano.a(lib_a-init.o)
 .debug_frame   0x0000000000001a60       0x28 c:/st/stm32cubeide_1.4.0/stm32cubeide/plugins/com.st.stm32cube.ide.mcu.externaltools.gnu-tools-for-stm32.10.3-2021.10.win32_1.0.0.202111181127/tools/bin/../lib/gcc/arm-none-eabi/10.3.1/../../../../arm-none-eabi/lib/thumb/v7e-m+fp/hard\libc_nano.a(lib_a-memcpy-stub.o)
 .debug_frame   0x0000000000001a88       0x20 c:/st/stm32cubeide_1.4.0/stm32cubeide/plugins/com.st.stm32cube.ide.mcu.externaltools.gnu-tools-for-stm32.10.3-2021.10.win32_1.0.0.202111181127/tools/bin/../lib/gcc/arm-none-eabi/10.3.1/../../../../arm-none-eabi/lib/thumb/v7e-m+fp/hard\libc_nano.a(lib_a-memset.o)
 .debug_frame   0x0000000000001aa8       0x2c c:/st/stm32cubeide_1.4.0/stm32cubeide/plugins/com.st.stm32cube.ide.mcu.externaltools.gnu-tools-for-stm32.10.3-2021.10.win32_1.0.0.202111181127/tools/bin/../lib/gcc/arm-none-eabi/10.3.1/thumb/v7e-m+fp/hard\libgcc.a(_aeabi_uldivmod.o)
 .debug_frame   0x0000000000001ad4       0x34 c:/st/stm32cubeide_1.4.0/stm32cubeide/plugins/com.st.stm32cube.ide.mcu.externaltools.gnu-tools-for-stm32.10.3-2021.10.win32_1.0.0.202111181127/tools/bin/../lib/gcc/arm-none-eabi/10.3.1/thumb/v7e-m+fp/hard\libgcc.a(_udivmoddi4.o)
